<html>
<body>
<pre>
<h1>µVision Build Log</h1>
<h2>Tool Versions:</h2>
IDE-Version: µVision V5.31.0.0
Copyright (C) 2020 ARM Ltd and ARM Germany GmbH. All rights reserved.
License Information: Khang tran, 4ndykhang, LIC=SDA0P-MFUPQ-CXZU6-DS1JN-HEEBV-VVH11
 
Tool Versions:
Toolchain:       MDK-ARM Plus  Version: 5.31.0.0
Toolchain Path:  C:\Keil_v5\ARM\ARMCC\Bin
C Compiler:      Armcc.exe V5.06 update 6 (build 750)
Assembler:       Armasm.exe V5.06 update 6 (build 750)
Linker/Locator:  ArmLink.exe V5.06 update 6 (build 750)
Library Manager: ArmAr.exe V5.06 update 6 (build 750)
Hex Converter:   FromElf.exe V5.06 update 6 (build 750)
CPU DLL:         SARMCM3.DLL V5.31.0.0
Dialog DLL:      DCM.DLL V1.17.3.0
Target DLL:      STLink\ST-LINKIII-KEIL_SWO.dll V3.0.7.0
Dialog DLL:      TCM.DLL V1.46.0.0
 
<h2>Project:</h2>
D:\5. Project\LAB_COATING_COF\1. Firmware\MDK-ARM\Menu.uvprojx
Project File Date:  05/11/2023

<h2>Output:</h2>
*** Using Compiler 'V5.06 update 6 (build 750)', folder: 'C:\Keil_v5\ARM\ARMCC\Bin'
Build target 'Menu'
compiling main.c...
../Core/Inc/ssd1306.h(238): warning:  #1295-D: Deprecated declaration ssd1306_I2C_Init - give arg types
  void ssd1306_I2C_Init();
../Core/Inc/mylan.h(24): warning:  #1-D: last line of file ends without a newline
  #endif
../Core/Src/main.c(462): warning:  #188-D: enumerated type mixed with another type
  	SSD1306_Puts("COATING - COF",&Font_7x10,0x01);
../Core/Src/main.c(464): warning:  #188-D: enumerated type mixed with another type
  	SSD1306_Puts("--------------------",&Font_7x10,0x01);
../Core/Src/main.c(466): warning:  #188-D: enumerated type mixed with another type
  	SSD1306_Puts("Coating Function",&Font_7x10,Coating_function);
../Core/Src/main.c(468): warning:  #188-D: enumerated type mixed with another type
  	SSD1306_Puts("COF Measuarament",&Font_7x10,COF_Measurament);
../Core/Src/main.c(472): warning:  #188-D: enumerated type mixed with another type
  	SSD1306_Puts("a",&Font_7x10,0x00);
../Core/Src/main.c(474): warning:  #188-D: enumerated type mixed with another type
  	SSD1306_Puts(":Up",&Font_7x10,0x01);
../Core/Src/main.c(477): warning:  #188-D: enumerated type mixed with another type
  	SSD1306_Puts("b",&Font_7x10,0x00);
../Core/Src/main.c(479): warning:  #188-D: enumerated type mixed with another type
  	SSD1306_Puts(":DWN",&Font_7x10,0x01);
../Core/Src/main.c(482): warning:  #188-D: enumerated type mixed with another type
  	SSD1306_Puts("c",&Font_7x10,0x00);
../Core/Src/main.c(484): warning:  #188-D: enumerated type mixed with another type
  	SSD1306_Puts(":<",&Font_7x10,0x01);
../Core/Src/main.c(487): warning:  #188-D: enumerated type mixed with another type
  	SSD1306_Puts("d",&Font_7x10,0x00);
../Core/Src/main.c(489): warning:  #188-D: enumerated type mixed with another type
  	SSD1306_Puts(":Ent",&Font_7x10,0x01);
../Core/Src/main.c(561): warning:  #188-D: enumerated type mixed with another type
  	SSD1306_Puts("SPEED ADJUSTMENT",&Font_7x10,0x01);
../Core/Src/main.c(563): warning:  #188-D: enumerated type mixed with another type
  	SSD1306_Puts("--------------------",&Font_7x10,0x01);
../Core/Src/main.c(565): warning:  #188-D: enumerated type mixed with another type
  	SSD1306_Puts("V=",&Font_11x18,0x01);
../Core/Src/main.c(570): warning:  #223-D: function "sprintf" declared implicitly
  	sprintf(V, "%d", N_currentspeed ); //convert int to String type 
../Core/Src/main.c(571): warning:  #188-D: enumerated type mixed with another type
  	SSD1306_Puts(V ,&Font_11x18,0x01);
../Core/Src/main.c(573): warning:  #188-D: enumerated type mixed with another type
  	SSD1306_Puts(".",&Font_11x18,0x01);
../Core/Src/main.c(576): warning:  #188-D: enumerated type mixed with another type
  	SSD1306_Puts(R ,&Font_11x18,0x01);
../Core/Src/main.c(578): warning:  #188-D: enumerated type mixed with another type
  	SSD1306_Puts("m/min",&Font_11x18,0x01);
../Core/Src/main.c(589): warning:  #188-D: enumerated type mixed with another type
  	SSD1306_Puts("a",&Font_7x10,0x00);
../Core/Src/main.c(591): warning:  #188-D: enumerated type mixed with another type
  	SSD1306_Puts(":Up",&Font_7x10,0x01);
../Core/Src/main.c(594): warning:  #188-D: enumerated type mixed with another type
  	SSD1306_Puts("b",&Font_7x10,0x00);
../Core/Src/main.c(596): warning:  #188-D: enumerated type mixed with another type
  	SSD1306_Puts(":DWN",&Font_7x10,0x01);
../Core/Src/main.c(599): warning:  #188-D: enumerated type mixed with another type
  	SSD1306_Puts("c",&Font_7x10,0x00);
../Core/Src/main.c(601): warning:  #188-D: enumerated type mixed with another type
  	SSD1306_Puts(":<",&Font_7x10,0x01);
../Core/Src/main.c(604): warning:  #188-D: enumerated type mixed with another type
  	SSD1306_Puts("d",&Font_7x10,0x00);
../Core/Src/main.c(606): warning:  #188-D: enumerated type mixed with another type
  	SSD1306_Puts(":Ent",&Font_7x10,0x01);
../Core/Src/main.c(614): warning:  #188-D: enumerated type mixed with another type
  	SSD1306_Puts("COATING",&Font_7x10,0x01);
../Core/Src/main.c(616): warning:  #188-D: enumerated type mixed with another type
  	SSD1306_Puts("--------------------",&Font_7x10,0x01);
../Core/Src/main.c(618): warning:  #188-D: enumerated type mixed with another type
  	SSD1306_Puts("Click A: Run FWD",&Font_7x10,0x01);
../Core/Src/main.c(620): warning:  #188-D: enumerated type mixed with another type
  	SSD1306_Puts("Click B: Run BWD",&Font_7x10,0x01);
../Core/Src/main.c(622): warning:  #188-D: enumerated type mixed with another type
  	SSD1306_Puts("Click C: Stop/Back",&Font_7x10,0x01);
../Core/Src/main.c(624): warning:  #188-D: enumerated type mixed with another type
  	SSD1306_Puts("Click D: Open Menu",&Font_7x10,0x01);
../Core/Src/main.c(630): warning:  #188-D: enumerated type mixed with another type
  	SSD1306_Puts("COF Measurament",&Font_7x10,0x01);
../Core/Src/main.c(632): warning:  #188-D: enumerated type mixed with another type
  	SSD1306_Puts("--------------------",&Font_7x10,0x01);
../Core/Src/main.c(634): warning:  #188-D: enumerated type mixed with another type
  	SSD1306_Puts("Click A: Set_Home",&Font_7x10,0x01);
../Core/Src/main.c(636): warning:  #188-D: enumerated type mixed with another type
  	SSD1306_Puts("Click B: Run COF",&Font_7x10,0x01);
../Core/Src/main.c(638): warning:  #188-D: enumerated type mixed with another type
  	SSD1306_Puts("Click C: Back",&Font_7x10,0x01);
../Core/Src/main.c(640): warning:  #188-D: enumerated type mixed with another type
  	SSD1306_Puts("Click D: COF_Setup",&Font_7x10,0x01);
../Core/Src/main.c(647): warning:  #188-D: enumerated type mixed with another type
  	SSD1306_Puts("COF Measurament",&Font_7x10,0x01);
../Core/Src/main.c(649): warning:  #188-D: enumerated type mixed with another type
  	SSD1306_Puts("--------------------",&Font_7x10,0x01);
../Core/Src/main.c(662): warning:  #188-D: enumerated type mixed with another type
  	SSD1306_Puts("S.F= ",&Font_11x18,0x01);
../Core/Src/main.c(664): warning:  #223-D: function "sprintf" declared implicitly
  	sprintf(V, "%d", N_SF ); //convert int to String type 
../Core/Src/main.c(665): warning:  #188-D: enumerated type mixed with another type
  	SSD1306_Puts(V ,&Font_11x18,0x01);
../Core/Src/main.c(667): warning:  #188-D: enumerated type mixed with another type
  	SSD1306_Puts(".",&Font_11x18,0x01);
../Core/Src/main.c(672): warning:  #188-D: enumerated type mixed with another type
  		SSD1306_Puts(R ,&Font_11x18,0x01);
../Core/Src/main.c(677): warning:  #188-D: enumerated type mixed with another type
  		SSD1306_Puts("0",&Font_11x18,0x01);
../Core/Src/main.c(680): warning:  #188-D: enumerated type mixed with another type
  		SSD1306_Puts(R ,&Font_11x18,0x01);
../Core/Src/main.c(685): warning:  #188-D: enumerated type mixed with another type
  		SSD1306_Puts("00",&Font_11x18,0x01);
../Core/Src/main.c(688): warning:  #188-D: enumerated type mixed with another type
  		SSD1306_Puts(R ,&Font_11x18,0x01);
../Core/Src/main.c(692): warning:  #188-D: enumerated type mixed with another type
  	SSD1306_Puts("K.F= ",&Font_11x18,0x01);
../Core/Src/main.c(695): warning:  #188-D: enumerated type mixed with another type
  	SSD1306_Puts(V ,&Font_11x18,0x01);
../Core/Src/main.c(697): warning:  #188-D: enumerated type mixed with another type
  	SSD1306_Puts(".",&Font_11x18,0x01);
../Core/Src/main.c(702): warning:  #188-D: enumerated type mixed with another type
  		SSD1306_Puts(R ,&Font_11x18,0x01);
../Core/Src/main.c(707): warning:  #188-D: enumerated type mixed with another type
  		SSD1306_Puts("0" ,&Font_11x18,0x01);
../Core/Src/main.c(710): warning:  #188-D: enumerated type mixed with another type
  		SSD1306_Puts(R ,&Font_11x18,0x01);
../Core/Src/main.c(715): warning:  #188-D: enumerated type mixed with another type
  		SSD1306_Puts("00" ,&Font_11x18,0x01);
../Core/Src/main.c(718): warning:  #188-D: enumerated type mixed with another type
  		SSD1306_Puts(R ,&Font_11x18,0x01);
../Core/Src/main.c(729): warning:  #188-D: enumerated type mixed with another type
  	SSD1306_Puts("COF Measurament",&Font_7x10,0x01);
../Core/Src/main.c(731): warning:  #188-D: enumerated type mixed with another type
  	SSD1306_Puts("--------------------",&Font_7x10,0x01);
../Core/Src/main.c(735): warning:  #188-D: enumerated type mixed with another type
  	SSD1306_Puts("SETTING",&Font_11x18,0x01);
../Core/Src/main.c(737): warning:  #188-D: enumerated type mixed with another type
  	SSD1306_Puts("HOME...",&Font_11x18,0x01);
../Core/Src/main.c(743): warning:  #188-D: enumerated type mixed with another type
  	SSD1306_Puts("COF Measurament",&Font_7x10,0x01);
../Core/Src/main.c(745): warning:  #188-D: enumerated type mixed with another type
  	SSD1306_Puts("--------------------",&Font_7x10,0x01);
../Core/Src/main.c(750): warning:  #188-D: enumerated type mixed with another type
  		SSD1306_Puts("SetHOME",&Font_11x18,0x01);
../Core/Src/main.c(752): warning:  #188-D: enumerated type mixed with another type
  		SSD1306_Puts("First",&Font_11x18,0x01);
../Core/Src/main.c(756): warning:  #188-D: enumerated type mixed with another type
  		SSD1306_Puts("                         ",&Font_11x18,0x01);
../Core/Src/main.c(758): warning:  #188-D: enumerated type mixed with another type
  		SSD1306_Puts("                        ",&Font_11x18,0x01);
../Core/Src/main.c(770): warning:  #188-D: enumerated type mixed with another type
  	SSD1306_Puts("COF Measurament",&Font_7x10,0x01);
../Core/Src/main.c(772): warning:  #188-D: enumerated type mixed with another type
  	SSD1306_Puts("--------------------",&Font_7x10,0x01);
../Core/Src/main.c(777): warning:  #188-D: enumerated type mixed with another type
  		SSD1306_Puts("You Are",&Font_11x18,0x01);
../Core/Src/main.c(779): warning:  #188-D: enumerated type mixed with another type
  		SSD1306_Puts("At Home",&Font_11x18,0x01);
../Core/Src/main.c(783): warning:  #188-D: enumerated type mixed with another type
  		SSD1306_Puts("                         ",&Font_11x18,0x01);
../Core/Src/main.c(785): warning:  #188-D: enumerated type mixed with another type
  		SSD1306_Puts("                        ",&Font_11x18,0x01);
../Core/Src/main.c(794): warning:  #188-D: enumerated type mixed with another type
  	SSD1306_Puts("COF SETTING",&Font_7x10,0x01);
../Core/Src/main.c(796): warning:  #188-D: enumerated type mixed with another type
  	SSD1306_Puts("--------------------",&Font_7x10,0x01);
../Core/Src/main.c(798): warning:  #188-D: enumerated type mixed with another type
  	SSD1306_Puts("Change COF Speed",&Font_7x10,Change_COF_Speed);
../Core/Src/main.c(800): warning:  #188-D: enumerated type mixed with another type
  	SSD1306_Puts("Change Distance",&Font_7x10,Change_COF_Distance);
../Core/Src/main.c(802): warning:  #188-D: enumerated type mixed with another type
  	SSD1306_Puts("Set Zero",&Font_7x10,Set_Zero);
../Core/Src/main.c(813): warning:  #188-D: enumerated type mixed with another type
  	SSD1306_Puts("SET ZERO",&Font_7x10,0x01);
../Core/Src/main.c(815): warning:  #188-D: enumerated type mixed with another type
  	SSD1306_Puts("--------------------",&Font_7x10,0x01);
../Core/Src/main.c(818): warning:  #188-D: enumerated type mixed with another type
  	SSD1306_Puts("Make sure pull",&Font_7x10,0x01);
../Core/Src/main.c(820): warning:  #188-D: enumerated type mixed with another type
  	SSD1306_Puts("Cable is loose",&Font_7x10,0x01);
../Core/Src/main.c(823): warning:  #188-D: enumerated type mixed with another type
  	SSD1306_Puts("D:Yes",&Font_7x10,0x01);
../Core/Src/main.c(825): warning:  #188-D: enumerated type mixed with another type
  	SSD1306_Puts("C:Back",&Font_7x10,0x01);
../Core/Src/main.c(831): warning:  #188-D: enumerated type mixed with another type
  	SSD1306_Puts("NOTIFICATION",&Font_7x10,0x01);
../Core/Src/main.c(833): warning:  #188-D: enumerated type mixed with another type
  	SSD1306_Puts("--------------------",&Font_7x10,0x01);
../Core/Src/main.c(836): warning:  #188-D: enumerated type mixed with another type
  	SSD1306_Puts("Successful",&Font_7x10,0x01);
../Core/Src/main.c(840): warning:  #188-D: enumerated type mixed with another type
  	SSD1306_Puts("Restarting",&Font_7x10,0x01);
../Core/Src/main.c(844): warning:  #188-D: enumerated type mixed with another type
  	SSD1306_Puts("",&Font_7x10,0x01);
../Core/Src/main.c(848): warning:  #188-D: enumerated type mixed with another type
  	SSD1306_Puts(".",&Font_7x10,0x01);
../Core/Src/main.c(852): warning:  #188-D: enumerated type mixed with another type
  	SSD1306_Puts("..",&Font_7x10,0x01);
../Core/Src/main.c(856): warning:  #188-D: enumerated type mixed with another type
  	SSD1306_Puts("...",&Font_7x10,0x01);
../Core/Src/main.c(860): warning:  #188-D: enumerated type mixed with another type
  	SSD1306_Puts("....",&Font_7x10,0x01);
../Core/Src/main.c(864): warning:  #188-D: enumerated type mixed with another type
  	SSD1306_Puts(".....",&Font_7x10,0x01);
../Core/Src/main.c(868): warning:  #188-D: enumerated type mixed with another type
  	SSD1306_Puts("......",&Font_7x10,0x01);
../Core/Src/main.c(872): warning:  #188-D: enumerated type mixed with another type
  	SSD1306_Puts(".......",&Font_7x10,0x01);
../Core/Src/main.c(876): warning:  #188-D: enumerated type mixed with another type
  	SSD1306_Puts("........",&Font_7x10,0x01);
../Core/Src/main.c(880): warning:  #188-D: enumerated type mixed with another type
  	SSD1306_Puts(".........",&Font_7x10,0x01);
../Core/Src/main.c(884): warning:  #188-D: enumerated type mixed with another type
  	SSD1306_Puts("..........",&Font_7x10,0x01);
../Core/Src/main.c(892): warning:  #188-D: enumerated type mixed with another type
  	SSD1306_Puts("COF SPEED",&Font_7x10,0x01);
../Core/Src/main.c(894): warning:  #188-D: enumerated type mixed with another type
  	SSD1306_Puts("--------------------",&Font_7x10,0x01);
../Core/Src/main.c(896): warning:  #188-D: enumerated type mixed with another type
  	SSD1306_Puts("V=",&Font_11x18,0x01);
../Core/Src/main.c(901): warning:  #223-D: function "sprintf" declared implicitly
  	sprintf(V, "%d", N_currentspeed ); //convert int to String type 
../Core/Src/main.c(902): warning:  #188-D: enumerated type mixed with another type
  	SSD1306_Puts(V ,&Font_11x18,0x01);
../Core/Src/main.c(904): warning:  #188-D: enumerated type mixed with another type
  	SSD1306_Puts(".",&Font_11x18,0x01);
../Core/Src/main.c(907): warning:  #188-D: enumerated type mixed with another type
  	SSD1306_Puts(R ,&Font_11x18,0x01);
../Core/Src/main.c(909): warning:  #188-D: enumerated type mixed with another type
  	SSD1306_Puts("m/min",&Font_7x10,0x01);
../Core/Src/main.c(920): warning:  #188-D: enumerated type mixed with another type
  	SSD1306_Puts("a",&Font_7x10,0x00);
../Core/Src/main.c(922): warning:  #188-D: enumerated type mixed with another type
  	SSD1306_Puts(":Up",&Font_7x10,0x01);
../Core/Src/main.c(925): warning:  #188-D: enumerated type mixed with another type
  	SSD1306_Puts("b",&Font_7x10,0x00);
../Core/Src/main.c(927): warning:  #188-D: enumerated type mixed with another type
  	SSD1306_Puts(":DWN",&Font_7x10,0x01);
../Core/Src/main.c(930): warning:  #188-D: enumerated type mixed with another type
  	SSD1306_Puts("c",&Font_7x10,0x00);
../Core/Src/main.c(932): warning:  #188-D: enumerated type mixed with another type
  	SSD1306_Puts(":<",&Font_7x10,0x01);
../Core/Src/main.c(935): warning:  #188-D: enumerated type mixed with another type
  	SSD1306_Puts("d",&Font_7x10,0x00);
../Core/Src/main.c(937): warning:  #188-D: enumerated type mixed with another type
  	SSD1306_Puts(":Ent",&Font_7x10,0x01);
../Core/Src/main.c(944): warning:  #188-D: enumerated type mixed with another type
  	SSD1306_Puts("COF DISTANCE",&Font_7x10,0x01);
../Core/Src/main.c(946): warning:  #188-D: enumerated type mixed with another type
  	SSD1306_Puts("--------------------",&Font_7x10,0x01);
../Core/Src/main.c(948): warning:  #188-D: enumerated type mixed with another type
  	SSD1306_Puts("S=",&Font_11x18,0x01);
../Core/Src/main.c(953): warning:  #223-D: function "sprintf" declared implicitly
  	sprintf(COF_Dis, "%d",Distance_COF ); //convert int to String type 
../Core/Src/main.c(954): warning:  #188-D: enumerated type mixed with another type
  	SSD1306_Puts(COF_Dis ,&Font_11x18,0x01);
../Core/Src/main.c(957): warning:  #188-D: enumerated type mixed with another type
  	SSD1306_Puts("mm",&Font_7x10,0x01);
../Core/Src/main.c(960): warning:  #188-D: enumerated type mixed with another type
  	SSD1306_Puts("a",&Font_7x10,0x00);
../Core/Src/main.c(962): warning:  #188-D: enumerated type mixed with another type
  	SSD1306_Puts(":Up",&Font_7x10,0x01);
../Core/Src/main.c(965): warning:  #188-D: enumerated type mixed with another type
  	SSD1306_Puts("b",&Font_7x10,0x00);
../Core/Src/main.c(967): warning:  #188-D: enumerated type mixed with another type
  	SSD1306_Puts(":DWN",&Font_7x10,0x01);
../Core/Src/main.c(970): warning:  #188-D: enumerated type mixed with another type
  	SSD1306_Puts("c",&Font_7x10,0x00);
../Core/Src/main.c(972): warning:  #188-D: enumerated type mixed with another type
  	SSD1306_Puts(":<",&Font_7x10,0x01);
../Core/Src/main.c(975): warning:  #188-D: enumerated type mixed with another type
  	SSD1306_Puts("d",&Font_7x10,0x00);
../Core/Src/main.c(977): warning:  #188-D: enumerated type mixed with another type
  	SSD1306_Puts(":Ent",&Font_7x10,0x01);
../Core/Src/main.c(2005): warning:  #188-D: enumerated type mixed with another type
  	SSD1306_Puts("Formulating",&Font_7x10,0x01);
../Core/Src/main.c(2007): warning:  #188-D: enumerated type mixed with another type
  	SSD1306_Puts("A Greener World",&Font_7x10,0x01);
../Core/Src/main.c: 135 warnings, 0 errors
linking...
Program Size: Code=27710 RO-data=6530 RW-data=268 ZI-data=19540  
FromELF: creating hex file...
"Menu\Menu.axf" - 0 Error(s), 135 Warning(s).

<h2>Software Packages used:</h2>

Package Vendor: ARM
                http://www.keil.com/pack/ARM.CMSIS.5.7.0.pack
                ARM.CMSIS.5.7.0
                CMSIS (Cortex Microcontroller Software Interface Standard)
   * Component: CORE Version: 5.4.0

Package Vendor: Keil
                http://www.keil.com/pack/Keil.STM32F1xx_DFP.2.4.0.pack
                Keil.STM32F1xx_DFP.2.4.0
                STMicroelectronics STM32F1 Series Device Support, Drivers and Examples

<h2>Collection of Component include folders:</h2>
  .\RTE\_Menu
  C:\Users\khang.tran\AppData\Local\Arm\Packs\ARM\CMSIS\5.7.0\CMSIS\Core\Include
  C:\Users\khang.tran\AppData\Local\Arm\Packs\Keil\STM32F1xx_DFP\2.4.0\Device\Include

<h2>Collection of Component Files used:</h2>

   * Component: ARM::CMSIS:CORE:5.4.0
Build Time Elapsed:  00:00:01
</pre>
</body>
</html>
